============================================================
CrisTical v2.1 — Crysis CDF -> glTF Converter
  Authors: Soror L.'.L.'. aka Methelina
  Started: 2026-08-07 21:27:01
  Input: F:\Games\Crysis_Remastered\__CONTENT\objectsch.pak_Unpacked\objects\characters\Alien\Scout\scout_base.cdf
============================================================
  CDF model: F:\Games\Crysis_Remastered\__CONTENT\objectsch.pak_Unpacked\objects\characters\alien\scout\scout_body.chr
  CDF attachment: head <- F:\Games\Crysis_Remastered\__CONTENT\objectsch.pak_Unpacked\objects\characters\alien\scout\scout_base.chr
  CDF attachment: face_plates <- F:\Games\Crysis_Remastered\__CONTENT\objectsch.pak_Unpacked\objects\characters\alien\scout\plates_new.chr
[1/3] Skeleton + mesh
  bones=135 primitives=6
[2/3] Materials + textures
  MTL: F:\Games\Crysis_Remastered\__CONTENT\objectsch.pak_Unpacked\objects\characters\alien\scout\scout.mtl
  Material: scout_head                Shininess=146.0  Diffuse=0.52156866,0.52156866,0.52156866 Specular=0.76862746,0.86666667,0.99215686 Shader=Illum
  Material: scout_body                Shininess=175.0  Diffuse=0.6156863,0.6156863,0.6156863 Specular=0.74901962,0.74901962,0.74901962 Shader=Illum
  Material: hunter_tentacles          Shininess=75.0   Diffuse=0.58039218,0.58039218,0.58039218 Specular=0.58823532,0.6156863,0.69411767 Shader=Illum
  Textures (13 generated):
    K:\work\AI\AI_3dEnv_System\CrisTical_Crysis3DConverter\output\hunter_tentacles_diffuse.png  <-  F:\Games\Crysis_Remastered\Game\objects\characters\alien\scout\textures\scout_leg.dds.0
    K:\work\AI\AI_3dEnv_System\CrisTical_Crysis3DConverter\output\hunter_tentacles_normal.png  <-  F:\Games\Crysis_Remastered\Game\objects\characters\alien\hunter\hunter_leg_ddn.dds.0
    K:\work\AI\AI_3dEnv_System\CrisTical_Crysis3DConverter\output\hunter_tentacles_specular.png  <-  F:\Games\Crysis_Remastered\Game\objects\characters\alien\scout\textures\scout_leg_spec.dds.0
    K:\work\AI\AI_3dEnv_System\CrisTical_Crysis3DConverter\output\scout_body_diffuse.png  <-  F:\Games\Crysis_Remastered\Game\objects\characters\alien\scout\textures\scout_body.dds.0
    K:\work\AI\AI_3dEnv_System\CrisTical_Crysis3DConverter\output\scout_body_normal.png  <-  F:\Games\Crysis_Remastered\Game\objects\characters\alien\scout\textures\scout_body_ddn.dds.0
    K:\work\AI\AI_3dEnv_System\CrisTical_Crysis3DConverter\output\scout_body_specular.png  <-  F:\Games\Crysis_Remastered\Game\objects\characters\alien\scout\textures\scout_body_spec.dds.0
    K:\work\AI\AI_3dEnv_System\CrisTical_Crysis3DConverter\output\scout_head_diffuse.png  <-  F:\Games\Crysis_Remastered\Game\objects\characters\alien\scout\textures\scout_head.dds.0
    K:\work\AI\AI_3dEnv_System\CrisTical_Crysis3DConverter\output\scout_head_normal.png  <-  F:\Games\Crysis_Remastered\Game\objects\characters\alien\scout\textures\scout_head_ddn.dds.0
    K:\work\AI\AI_3dEnv_System\CrisTical_Crysis3DConverter\output\scout_head_specular.png  <-  F:\Games\Crysis_Remastered\Game\objects\characters\alien\scout\textures\scout_head_spec.dds.0
    hunter_tentacles_diffuse_emiss.png  <-  F:\Games\Crysis_Remastered\Game\objects\characters\alien\scout\textures\scout_leg.dds.0
    hunter_tentacles_specular_emiss.png  <-  F:\Games\Crysis_Remastered\Game\objects\characters\alien\scout\textures\scout_leg_spec.dds.0
    scout_body_diffuse_emiss.png  <-  F:\Games\Crysis_Remastered\Game\objects\characters\alien\scout\textures\scout_body.dds.0
    scout_head_diffuse_emiss.png  <-  F:\Games\Crysis_Remastered\Game\objects\characters\alien\scout\textures\scout_head.dds.0
  13 textures, 3 materials
[3/3] Animations
  DBA: F:\Games\Crysis_Remastered\Game\animations\alien\scout\scout.dba (28 animations)
  Animations:
    cinefleet_ab1_scouthitbyelectricity.caf
    cineisland_ab6_scoutboatattack.caf
    fly_slow_ground_01.caf
    fly_droptrooper_01.caf
    fly_foundplayer_01.caf
    scout_injuredflystorage_01.caf
    fly_idle_injured_01.caf
    fly_heavyhit_01.caf
    fly_heavyhit_left_01.caf
    fly_heavyhit_right_01.caf
    fly_tofire_01.caf
    fly_fromfire_01.caf
    fly_rotate_right_01.caf
    fly_rotate_left_01.caf
    fly_grablightobject_01.caf
    fly_throwlightobject_01.caf
    fly_carrytrooper_02.caf
    fly_idle.caf
    fly_carrytrooper_01.caf
    fly_lighthit_01.caf
    fly_slow.caf
    fly_droptrooper_02.caf
    fly_readytofly_01.caf
    fly_dodge_left_01.caf
    fly_dodge_right_01.caf
    cinefleet_ab1_scouthitbyelectricity_pose.caf
    cinefleet_ab1_scouthitbyelectricity_endpose.caf
    fly_fire_01.caf
Output: K:\work\AI\AI_3dEnv_System\CrisTical_Crysis3DConverter\output\scout_base.gltf + K:\work\AI\AI_3dEnv_System\CrisTical_Crysis3DConverter\output\scout_base.bin (135 bones, 6 prims)
Done: K:\work\AI\AI_3dEnv_System\CrisTical_Crysis3DConverter\output\scout_base.gltf